
> electrishop-frontend@0.1.0 build
> tsc && vite build

src/pages/MyInquiriesPage.tsx(10,11): error TS2451: Cannot redeclare block-scoped variable 'user'.
src/pages/MyInquiriesPage.tsx(15,11): error TS2451: Cannot redeclare block-scoped variable 'user'.
