
> electrishop-backend@0.1.0 build
> tsc

node.exe : 'tsc' is not recognized as an internal or external command,
At line:1 char:1
+ & "C:\Program Files\nodejs/node.exe" "C:\Users\john\AppData\Roaming\n ...
+ ~~~~~~~~~~~~~~~~~~~~~~~~~~~~~~~~~~~~~~~~~~~~~~~~~~~~~~~~~~~~~~~~~~~~~
    + CategoryInfo          : NotSpecified: ('tsc' is not re...ternal command, 
   :String) [], RemoteException
    + FullyQualifiedErrorId : NativeCommandError
 
operable program or batch file.
